# serializer version: 1
# name: test_sync_modify_delete
  '''
  Updated Vault secret for gafaelfawr database-password
  Updated Vault secret for gafaelfawr session-secret
  Updated Vault secret for gafaelfawr signing-key
  Updated Vault secret for gafaelfawr slack-webhook
  Deleted Vault secret for gafaelfawr cilogon
  
  '''
# ---
