# serializer version: 1
# name: test_loadbalancer_service_list[services]
  NamespacedResourceList[Service](items=[Service(kind='Service', name='ingress-nginx-controller', finalizers=['gke.networking.io/l4-netlb-v1', 'service.kubernetes.io/load-balancer-cleanup'], status=Status(conditions=[]), namespace='ingress-nginx', previous_loadbalancer_ip=None, previous_external_traffic_policy=None, external_traffic_policy=<ServiceExternalTrafficPolicy.LOCAL: 'Local'>, load_balancer_ip=IPv4Address('35.225.112.77'), status_load_balancer_ip=IPv4Address('35.225.112.77'))], kind='List')
# ---
