# serializer version: 1
# name: test_deployment_list[deployments]
  NamespacedResourceList[Deployment](items=[Deployment(kind='Deployment', name='gafaelfawr', finalizers=[], status=Status(conditions=[Condition(type='Available', status=<ConditionStatus.TRUE: 'True'>), Condition(type='Progressing', status=<ConditionStatus.TRUE: 'True'>)]), namespace='gafaelfawr', replicas=1, previous_replica_count=None), Deployment(kind='Deployment', name='gafaelfawr-operator', finalizers=[], status=Status(conditions=[Condition(type='Available', status=<ConditionStatus.TRUE: 'True'>), Condition(type='Progressing', status=<ConditionStatus.TRUE: 'True'>)]), namespace='gafaelfawr', replicas=1, previous_replica_count=None), Deployment(kind='Deployment', name='argocd', finalizers=[], status=Status(conditions=[Condition(type='Available', status=<ConditionStatus.TRUE: 'True'>), Condition(type='Progressing', status=<ConditionStatus.TRUE: 'True'>)]), namespace='argocd', replicas=1, previous_replica_count=None)], kind='List')
# ---
