# serializer version: 1
# name: test_scale_up
  _CallList([
    _Call(
      tuple(
        'get',
        'Service',
        '--field-selector',
        'spec.type=LoadBalancer',
        '-l',
        'argocd.argoproj.io/instance',
        '-o',
        'json',
        '--all-namespaces',
      ),
      dict({
      }),
    ),
    _Call(
      tuple(
        'get',
        'Service',
        'ingress-nginx-controller',
        '--namespace',
        'ingress-nginx',
        '-o',
        'json',
      ),
      dict({
      }),
    ),
    _Call(
      tuple(
        'get',
        'Service',
        'ingress-nginx-controller',
        '--namespace',
        'ingress-nginx',
        '-o',
        'json',
      ),
      dict({
      }),
    ),
    _Call(
      tuple(
        'get',
        'Service',
        'ingress-nginx-controller',
        '--namespace',
        'ingress-nginx',
        '-o',
        'json',
      ),
      dict({
      }),
    ),
    _Call(
      tuple(
        'get',
        'Deployment',
        '-l',
        'argocd.argoproj.io/instance',
        '-o',
        'json',
        '--all-namespaces',
      ),
      dict({
      }),
    ),
    _Call(
      tuple(
        'get',
        'StatefulSet',
        '-l',
        'argocd.argoproj.io/instance',
        '-o',
        'json',
        '--all-namespaces',
      ),
      dict({
      }),
    ),
    _Call(
      tuple(
        'get',
        'CronJob',
        '-l',
        'argocd.argoproj.io/instance',
        '-o',
        'json',
        '--all-namespaces',
      ),
      dict({
      }),
    ),
  ])
# ---
