# serializer version: 1
# name: test_resume_crons
  _CallList([
    _Call(
      tuple(
        'patch',
        'CronJob',
        'gafaelfawr-maintenance',
        '--namespace',
        'gafaelfawr',
        '--patch',
        '{"spec" : {"suspend" : false }}',
      ),
      dict({
      }),
    ),
    _Call(
      tuple(
        'patch',
        'CronJob',
        'ook-ingest-lsst-texmf',
        '--namespace',
        'ook',
        '--patch',
        '{"spec" : {"suspend" : false }}',
      ),
      dict({
      }),
    ),
  ])
# ---
