# serializer version: 1
# name: test_lint.1
  list([
    list([
      'repo',
      'add',
      '--force-update',
      'lsst-sqre',
      'https://lsst-sqre.github.io/charts/',
    ]),
    list([
      'repo',
      'update',
    ]),
    list([
      'dependency',
      'update',
      '--skip-refresh',
    ]),
    list([
      'lint',
      'gafaelfawr',
      '--strict',
      '--values',
      'gafaelfawr/values.yaml',
      '--values',
      'gafaelfawr/values-idfdev.yaml',
      '--set',
      'global.host=data-dev.lsst.cloud,global.baseUrl=https://data-dev.lsst.cloud,global.environmentName=idfdev,global.repertoireUrl=https://data-dev.lsst.cloud/repertoire,global.vaultSecretsPath=secret/phalanx/idfdev,global.gcpProjectId=science-platform-dev-7696,global.gcpRegion=us-central1',
    ]),
    list([
      'lint',
      'gafaelfawr',
      '--strict',
      '--values',
      'gafaelfawr/values.yaml',
      '--values',
      'gafaelfawr/values-minikube.yaml',
      '--set',
      'global.host=minikube.lsst.cloud,global.baseUrl=https://minikube.lsst.cloud,global.environmentName=minikube,global.repertoireUrl=https://minikube.lsst.cloud/repertoire,global.vaultSecretsPath=secret/phalanx/minikube',
    ]),
    list([
      'dependency',
      'update',
      '--skip-refresh',
    ]),
    list([
      'lint',
      'portal',
      '--strict',
      '--values',
      'portal/values.yaml',
      '--values',
      'portal/values-idfdev.yaml',
      '--set',
      'global.host=data-dev.lsst.cloud,global.baseUrl=https://data-dev.lsst.cloud,global.environmentName=idfdev,global.repertoireUrl=https://data-dev.lsst.cloud/repertoire,global.vaultSecretsPath=secret/phalanx/idfdev,global.gcpProjectId=science-platform-dev-7696,global.gcpRegion=us-central1',
    ]),
  ])
# ---
